[    0.000000] Initializing cgroup subsys cpuset
[    0.000000] Initializing cgroup subsys cpu
[    0.000000] Initializing cgroup subsys cpuacct
[    0.000000] Linux version 4.4.0-64-generic (buildd@lgw01-56) (gcc version 5.4.0 20160609 (Ubuntu 5.4.0-6ubuntu1~16.04.4) ) #85-Ubuntu SMP Mon Feb 20 11:50:30 UTC 2017 (Ubuntu 4.4.0-64.85-generic 4.4.44)
[    0.000000] Command line: BOOT_IMAGE=/boot/vmlinuz-4.4.0-64-generic root=LABEL=cloudimg-rootfs ro console=tty1 console=ttyS0
[    0.000000] KERNEL supported cpus:
[    0.000000]   Intel GenuineIntel
[    0.000000]   AMD AuthenticAMD
[    0.000000]   Centaur CentaurHauls
[    0.000000] x86/fpu: xstate_offset[2]:  576, xstate_sizes[2]:  256
[    0.000000] x86/fpu: Supporting XSAVE feature 0x01: 'x87 floating point registers'
[    0.000000] x86/fpu: Supporting XSAVE feature 0x02: 'SSE registers'
[    0.000000] x86/fpu: Supporting XSAVE feature 0x04: 'AVX registers'
[    0.000000] x86/fpu: Enabled xstate features 0x7, context size is 832 bytes, using 'standard' format.
[    0.000000] x86/fpu: Using 'lazy' FPU context switches.
[    0.000000] e820: BIOS-provided physical RAM map:
[    0.000000] BIOS-e820: [mem 0x0000000000000000-0x000000000009fbff] usable
[    0.000000] BIOS-e820: [mem 0x000000000009fc00-0x000000000009ffff] reserved
[    0.000000] BIOS-e820: [mem 0x00000000000f0000-0x00000000000fffff] reserved
[    0.000000] BIOS-e820: [mem 0x0000000000100000-0x000000001f3effff] usable
[    0.000000] BIOS-e820: [mem 0x000000001f3f0000-0x000000001f3fffff] ACPI data
[    0.000000] BIOS-e820: [mem 0x00000000fec00000-0x00000000fec00fff] reserved
[    0.000000] BIOS-e820: [mem 0x00000000fee00000-0x00000000fee00fff] reserved
[    0.000000] BIOS-e820: [mem 0x00000000fffc0000-0x00000000ffffffff] reserved
[    0.000000] NX (Execute Disable) protection: active
[    0.000000] SMBIOS 2.5 present.
[    0.000000] Hypervisor detected: KVM
[    0.000000] e820: last_pfn = 0x1f3f0 max_arch_pfn = 0x400000000
[    0.000000] MTRR: Disabled
[    0.000000] x86/PAT: MTRRs disabled, skipping PAT initialization too.
[    0.000000] x86/PAT: Configuration [0-7]: WB  WT  UC- UC  WB  WT  UC- UC  
[    0.000000] CPU MTRRs all blank - virtualized system.
[    0.000000] found SMP MP-table at [mem 0x0009fff0-0x0009ffff] mapped at [ffff88000009fff0]
[    0.000000] Scanning 1 areas for low memory corruption
[    0.000000] RAMDISK: [mem 0x1e104000-0x1eb83fff]
[    0.000000] ACPI: Early table checksum verification disabled
[    0.000000] ACPI: RSDP 0x00000000000E0000 000024 (v02 VBOX  )
[    0.000000] ACPI: XSDT 0x000000001F3F0030 00003C (v01 VBOX   VBOXXSDT 00000001 ASL  00000061)
[    0.000000] ACPI: FACP 0x000000001F3F00F0 0000F4 (v04 VBOX   VBOXFACP 00000001 ASL  00000061)
[    0.000000] ACPI: DSDT 0x000000001F3F0470 00210F (v01 VBOX   VBOXBIOS 00000002 INTL 20100528)
[    0.000000] ACPI: FACS 0x000000001F3F0200 000040
[    0.000000] ACPI: FACS 0x000000001F3F0200 000040
[    0.000000] ACPI: APIC 0x000000001F3F0240 00005C (v02 VBOX   VBOXAPIC 00000001 ASL  00000061)
[    0.000000] ACPI: SSDT 0x000000001F3F02A0 0001CC (v01 VBOX   VBOXCPUT 00000002 INTL 20100528)
[    0.000000] No NUMA configuration found
[    0.000000] Faking a node at [mem 0x0000000000000000-0x000000001f3effff]
[    0.000000] NODE_DATA(0) allocated [mem 0x1f3eb000-0x1f3effff]
[    0.000000] kvm-clock: Using msrs 4b564d01 and 4b564d00
[    0.000000] kvm-clock: cpu 0, msr 0:1f3e3001, primary cpu clock
[    0.000000] kvm-clock: using sched offset of 3116755319 cycles
[    0.000000] clocksource: kvm-clock: mask: 0xffffffffffffffff max_cycles: 0x1cd42e4dffb, max_idle_ns: 881590591483 ns
[    0.000000] Zone ranges:
[    0.000000]   DMA      [mem 0x0000000000001000-0x0000000000ffffff]
[    0.000000]   DMA32    [mem 0x0000000001000000-0x000000001f3effff]
[    0.000000]   Normal   empty
[    0.000000]   Device   empty
[    0.000000] Movable zone start for each node
[    0.000000] Early memory node ranges
[    0.000000]   node   0: [mem 0x0000000000001000-0x000000000009efff]
[    0.000000]   node   0: [mem 0x0000000000100000-0x000000001f3effff]
[    0.000000] Initmem setup node 0 [mem 0x0000000000001000-0x000000001f3effff]
[    0.000000] ACPI: PM-Timer IO Port: 0x4008
[    0.000000] IOAPIC[0]: apic_id 2, version 32, address 0xfec00000, GSI 0-23
[    0.000000] ACPI: INT_SRC_OVR (bus 0 bus_irq 0 global_irq 2 dfl dfl)
[    0.000000] ACPI: INT_SRC_OVR (bus 0 bus_irq 9 global_irq 9 high level)
[    0.000000] Using ACPI (MADT) for SMP configuration information
[    0.000000] smpboot: Allowing 2 CPUs, 0 hotplug CPUs
[    0.000000] PM: Registered nosave memory: [mem 0x00000000-0x00000fff]
[    0.000000] PM: Registered nosave memory: [mem 0x0009f000-0x0009ffff]
[    0.000000] PM: Registered nosave memory: [mem 0x000a0000-0x000effff]
[    0.000000] PM: Registered nosave memory: [mem 0x000f0000-0x000fffff]
[    0.000000] e820: [mem 0x1f400000-0xfebfffff] available for PCI devices
[    0.000000] Booting paravirtualized kernel on KVM
[    0.000000] clocksource: refined-jiffies: mask: 0xffffffff max_cycles: 0xffffffff, max_idle_ns: 7645519600211568 ns
[    0.000000] setup_percpu: NR_CPUS:512 nr_cpumask_bits:512 nr_cpu_ids:2 nr_node_ids:1
[    0.000000] PERCPU: Embedded 33 pages/cpu @ffff88001f000000 s98264 r8192 d28712 u1048576
[    0.000000] PV qspinlock hash table entries: 256 (order: 0, 4096 bytes)
[    0.000000] Built 1 zonelists in Node order, mobility grouping on.  Total pages: 125865
[    0.000000] Policy zone: DMA32
[    0.000000] Kernel command line: BOOT_IMAGE=/boot/vmlinuz-4.4.0-64-generic root=LABEL=cloudimg-rootfs ro console=tty1 console=ttyS0
[    0.000000] PID hash table entries: 2048 (order: 2, 16384 bytes)
[    0.000000] Memory: 473456K/511544K available (8452K kernel code, 1293K rwdata, 3980K rodata, 1488K init, 1316K bss, 38088K reserved, 0K cma-reserved)
[    0.000000] SLUB: HWalign=64, Order=0-3, MinObjects=0, CPUs=2, Nodes=1
[    0.000000] Hierarchical RCU implementation.
[    0.000000] 	Build-time adjustment of leaf fanout to 64.
[    0.000000] 	RCU restricting CPUs from NR_CPUS=512 to nr_cpu_ids=2.
[    0.000000] RCU: Adjusting geometry for rcu_fanout_leaf=64, nr_cpu_ids=2
[    0.000000] NR_IRQS:33024 nr_irqs:440 16
[    0.000000] Console: colour VGA+ 80x25
[    0.000000] console [tty1] enabled
[    0.000000] console [ttyS0] enabled
[    0.000000] tsc: Detected 1900.000 MHz processor
[    3.967268] Calibrating delay loop (skipped) preset value.. 3800.00 BogoMIPS (lpj=7600000)
[    3.975218] pid_max: default: 32768 minimum: 301
[    3.976330] ACPI: Core revision 20150930
[    3.978439] ACPI: 2 ACPI AML tables successfully acquired and loaded
[    4.050612] Security Framework initialized
[    4.067553] Yama: becoming mindful.
[    4.082281] AppArmor: AppArmor initialized
[    4.113347] Dentry cache hash table entries: 65536 (order: 7, 524288 bytes)
[    4.125599] Inode-cache hash table entries: 32768 (order: 6, 262144 bytes)
[    4.191795] Mount-cache hash table entries: 1024 (order: 1, 8192 bytes)
[    4.203175] Mountpoint-cache hash table entries: 1024 (order: 1, 8192 bytes)
[    4.204891] Initializing cgroup subsys io
[    4.218562] Initializing cgroup subsys memory
[    4.281416] Initializing cgroup subsys devices
[    4.302588] Initializing cgroup subsys freezer
[    4.329835] Initializing cgroup subsys net_cls
[    4.350684] Initializing cgroup subsys perf_event
[    4.351838] Initializing cgroup subsys net_prio
[    4.353042] Initializing cgroup subsys hugetlb
[    4.399265] Initializing cgroup subsys pids
[    4.400917] CPU: Physical Processor ID: 0
[    4.465742] CPU: Processor Core ID: 0
[    4.528929] mce: CPU supports 0 MCE banks
[    4.550630] Last level iTLB entries: 4KB 1024, 2MB 1024, 4MB 1024
[    4.622520] Last level dTLB entries: 4KB 1024, 2MB 1024, 4MB 1024, 1GB 4
[    4.633200] Freeing SMP alternatives memory: 32K (ffffffff820b9000 - ffffffff820c1000)
[    4.669485] ftrace: allocating 32123 entries in 126 pages
[    4.767258] smpboot: APIC(0) Converting physical 0 to logical package 0
[    4.860161] smpboot: Max logical packages: 1
[    4.882772] x2apic enabled
[    4.918114] Switched APIC routing to physical x2apic.
[    4.964240] ..TIMER: vector=0x30 apic1=0 pin1=2 apic2=-1 pin2=-1
[    5.129196] smpboot: CPU0: Intel(R) Core(TM) i5-4250U CPU @ 1.30GHz (family: 0x6, model: 0x45, stepping: 0x1)
[    5.164351] Performance Events: unsupported p6 CPU model 69 no PMU driver, software events only.
[    5.172725] KVM setup paravirtual spinlock
[    5.221120] x86: Booting SMP configuration:
[    5.228298] .... node  #0, CPUs:      #1
[    5.272354] kvm-clock: cpu 1, msr 0:1f3e3041, secondary cpu clock
[    5.295395] mce: CPU supports 0 MCE banks
[    5.298309] x86: Booted up 1 node, 2 CPUs
[    5.323169] smpboot: Total of 2 processors activated (7600.00 BogoMIPS)
[    5.393963] devtmpfs: initialized
[    5.426223] evm: security.selinux
[    5.474511] evm: security.SMACK64
[    5.509665] evm: security.SMACK64EXEC
[    5.522663] evm: security.SMACK64TRANSMUTE
[    5.525731] evm: security.SMACK64MMAP
[    5.556967] evm: security.ima
[    5.576248] evm: security.capability
[    5.617411] clocksource: jiffies: mask: 0xffffffff max_cycles: 0xffffffff, max_idle_ns: 7645041785100000 ns
[    5.690883] pinctrl core: initialized pinctrl subsystem
[    5.762736] RTC time: 10:17:26, date: 03/05/17
[    5.778771] NET: Registered protocol family 16
[    5.797566] cpuidle: using governor ladder
[    5.837367] cpuidle: using governor menu
[    5.889628] PCCT header not found.
[    5.927415] ACPI: bus type PCI registered
[    5.941648] acpiphp: ACPI Hot Plug PCI Controller Driver version: 0.5
[    6.027989] PCI: Using configuration type 1 for base access
[    6.086414] ACPI: Added _OSI(Module Device)
[    6.131000] ACPI: Added _OSI(Processor Device)
[    6.178163] ACPI: Added _OSI(3.0 _SCP Extensions)
[    6.237538] ACPI: Added _OSI(Processor Aggregator Device)
[    6.312911] ACPI: Executed 1 blocks of module-level executable AML code
[    6.332193] ACPI: Interpreter enabled
[    6.380067] ACPI: (supports S0 S5)
[    6.417110] ACPI: Using IOAPIC for interrupt routing
[    6.480663] PCI: Using host bridge windows from ACPI; if necessary, use "pci=nocrs" and report a bug
[    6.580120] ACPI: PCI Root Bridge [PCI0] (domain 0000 [bus 00-ff])
[    6.585726] acpi PNP0A03:00: _OSC: OS supports [ASPM ClockPM Segments MSI]
[    6.623916] acpi PNP0A03:00: _OSC failed (AE_NOT_FOUND); disabling ASPM
[    6.709777] acpi PNP0A03:00: fail to add MMCONFIG information, can't access extended PCI configuration space under this bridge.
[    6.712579] PCI host bridge to bus 0000:00
[    6.748196] pci_bus 0000:00: root bus resource [io  0x0000-0x0cf7 window]
[    6.805322] pci_bus 0000:00: root bus resource [io  0x0d00-0xffff window]
[    6.883829] pci_bus 0000:00: root bus resource [mem 0x000a0000-0x000bffff window]
[    6.970668] pci_bus 0000:00: root bus resource [mem 0x1f400000-0xffdfffff window]
[    7.049237] pci_bus 0000:00: root bus resource [bus 00-ff]
[    7.091558] pci 0000:00:01.1: legacy IDE quirk: reg 0x10: [io  0x01f0-0x01f7]
[    7.133222] pci 0000:00:01.1: legacy IDE quirk: reg 0x14: [io  0x03f6]
[    7.210327] pci 0000:00:01.1: legacy IDE quirk: reg 0x18: [io  0x0170-0x0177]
[    7.260579] pci 0000:00:01.1: legacy IDE quirk: reg 0x1c: [io  0x0376]
[    7.280277] pci 0000:00:07.0: quirk: [io  0x4000-0x403f] claimed by PIIX4 ACPI
[    7.314553] pci 0000:00:07.0: quirk: [io  0x4100-0x410f] claimed by PIIX4 SMB
[    7.347301] ACPI: PCI Interrupt Link [LNKA] (IRQs 5 9 10 *11)
[    7.400977] ACPI: PCI Interrupt Link [LNKB] (IRQs 5 9 10 *11)
[    7.443963] ACPI: PCI Interrupt Link [LNKC] (IRQs 5 9 *10 11)
[    7.479232] ACPI: PCI Interrupt Link [LNKD] (IRQs 5 *9 10 11)
[    7.543838] ACPI: Enabled 2 GPEs in block 00 to 07
[    7.599601] vgaarb: setting as boot device: PCI:0000:00:02.0
[    7.668659] vgaarb: device added: PCI:0000:00:02.0,decodes=io+mem,owns=io+mem,locks=none
[    7.778364] vgaarb: loaded
[    7.809706] vgaarb: bridge control possible 0000:00:02.0
[    7.818087] SCSI subsystem initialized
[    7.824136] ACPI: bus type USB registered
[    7.841106] usbcore: registered new interface driver usbfs
[    7.868637] usbcore: registered new interface driver hub
[    7.912780] usbcore: registered new device driver usb
[    7.930611] PCI: Using ACPI for IRQ routing
[    7.974833] NetLabel: Initializing
[    8.008779] NetLabel:  domain hash size = 128
[    8.031407] NetLabel:  protocols = UNLABELED CIPSOv4
[    8.032641] NetLabel:  unlabeled traffic allowed by default
[    8.093988] amd_nb: Cannot enumerate AMD northbridges
[    8.145848] clocksource: Switched to clocksource kvm-clock
[    8.218444] AppArmor: AppArmor Filesystem Enabled
[    8.277790] pnp: PnP ACPI init
[    8.346147] pnp: PnP ACPI: found 3 devices
[    8.415817] clocksource: acpi_pm: mask: 0xffffff max_cycles: 0xffffff, max_idle_ns: 2085701024 ns
[    8.551851] NET: Registered protocol family 2
[    8.636496] TCP established hash table entries: 4096 (order: 3, 32768 bytes)
[    8.639622] TCP bind hash table entries: 4096 (order: 4, 65536 bytes)
[    8.752746] TCP: Hash tables configured (established 4096 bind 4096)
[    8.802166] UDP hash table entries: 256 (order: 1, 8192 bytes)
[    8.869522] UDP-Lite hash table entries: 256 (order: 1, 8192 bytes)
[    9.003412] NET: Registered protocol family 1
[    9.035639] pci 0000:00:00.0: Limiting direct PCI/PCI transfers
[    9.057128] pci 0000:00:01.0: Activating ISA DMA hang workarounds
[    9.155179] Trying to unpack rootfs image as initramfs...
[   11.164163] Freeing initrd memory: 10752K (ffff88001e104000 - ffff88001eb84000)
[   11.317031] RAPL PMU detected, API unit is 2^-32 Joules, 4 fixed counters 10737418240 ms ovfl timer
[   11.423269] hw unit of domain pp0-core 2^-0 Joules
[   11.447629] hw unit of domain package 2^-0 Joules
[   11.468115] hw unit of domain dram 2^-0 Joules
[   11.538632] hw unit of domain pp1-gpu 2^-0 Joules
[   11.560615] platform rtc_cmos: registered platform RTC device (no PNP device found)
[   11.563823] Scanning for low memory corruption every 60 seconds
[   11.654750] futex hash table entries: 512 (order: 3, 32768 bytes)
[   11.736654] audit: initializing netlink subsys (disabled)
[   11.772120] audit: type=2000 audit(1488709050.134:1): initialized
[   11.805008] Initialise system trusted keyring
[   11.807921] HugeTLB registered 2 MB page size, pre-allocated 0 pages
[   11.827682] zbud: loaded
[   11.858969] VFS: Disk quotas dquot_6.6.0
[   11.903609] VFS: Dquot-cache hash table entries: 512 (order 0, 4096 bytes)
[   11.974366] squashfs: version 4.0 (2009/01/31) Phillip Lougher
[   12.115061] fuse init (API version 7.23)
[   12.204422] Key type big_key registered
[   12.248610] Allocating IMA MOK and blacklist keyrings.
[   12.380163] Key type asymmetric registered
[   12.431885] Asymmetric key parser 'x509' registered
[   12.466936] Block layer SCSI generic (bsg) driver version 0.4 loaded (major 249)
[   12.470487] io scheduler noop registered
[   12.500813] io scheduler deadline registered (default)
[   12.581148] tsc: Refined TSC clocksource calibration: 1900.216 MHz
[   12.585988] io scheduler cfq registered
[   12.586180] pci_hotplug: PCI Hot Plug PCI Core version: 0.5
[   12.586191] pciehp: PCI Express Hot Plug Controller Driver version: 0.4
[   12.587254] ACPI: AC Adapter [AC] (on-line)
[   12.587318] input: Power Button as /devices/LNXSYSTM:00/LNXPWRBN:00/input/input0
[   12.587321] ACPI: Power Button [PWRF]
[   12.587396] input: Sleep Button as /devices/LNXSYSTM:00/LNXSLPBN:00/input/input1
[   12.587398] ACPI: Sleep Button [SLPF]
[   12.668183] ACPI: Battery Slot [BAT0] (battery present)
[   12.668228] GHES: HEST is not enabled!
[   12.668350] Serial: 8250/16550 driver, 32 ports, IRQ sharing enabled
[   12.696637] 00:02: ttyS0 at I/O 0x3f8 (irq = 4, base_baud = 115200) is a 16550A
[   12.775952] Linux agpgart interface v0.103
[   12.885433] brd: module loaded
[   12.886777] loop: module loaded
[   12.887360] scsi host0: ata_piix
[   12.887428] scsi host1: ata_piix
[   12.887464] ata1: PATA max UDMA/33 cmd 0x1f0 ctl 0x3f6 bmdma 0xd000 irq 14
[   12.887465] ata2: PATA max UDMA/33 cmd 0x170 ctl 0x376 bmdma 0xd008 irq 15
[   12.887546] libphy: Fixed MDIO Bus: probed
[   12.887548] tun: Universal TUN/TAP device driver, 1.6
[   12.887549] tun: (C) 1999-2004 Max Krasnyansky <maxk@qualcomm.com>
[   12.887871] PPP generic driver version 2.4.2
[   12.887936] ehci_hcd: USB 2.0 'Enhanced' Host Controller (EHCI) Driver
[   12.887941] ehci-pci: EHCI PCI platform driver
[   12.887958] ehci-platform: EHCI generic platform driver
[   12.887967] ohci_hcd: USB 1.1 'Open' Host Controller (OHCI) Driver
[   12.887973] ohci-pci: OHCI PCI platform driver
[   12.887982] ohci-platform: OHCI generic platform driver
[   12.887990] uhci_hcd: USB Universal Host Controller Interface driver
[   12.888052] i8042: PNP: PS/2 Controller [PNP0303:PS2K,PNP0f03:PS2M] at 0x60,0x64 irq 1,12
[   12.910595] serio: i8042 KBD port at 0x60,0x64 irq 1
[   12.910602] serio: i8042 AUX port at 0x60,0x64 irq 12
[   12.910753] mousedev: PS/2 mouse device common for all mice
[   12.911101] rtc_cmos rtc_cmos: rtc core: registered rtc_cmos as rtc0
[   12.911166] rtc_cmos rtc_cmos: alarms up to one day, 114 bytes nvram
[   12.911174] i2c /dev entries driver
[   12.911242] device-mapper: uevent: version 1.0.3
[   12.911300] device-mapper: ioctl: 4.34.0-ioctl (2015-10-28) initialised: dm-devel@redhat.com
[   12.911326] ledtrig-cpu: registered to indicate activity on CPUs
[   12.911620] NET: Registered protocol family 10
[   12.911784] NET: Registered protocol family 17
[   12.911793] Key type dns_resolver registered
[   12.912472] microcode: CPU0 sig=0x40651, pf=0x40, revision=0x0
[   12.912481] microcode: CPU1 sig=0x40651, pf=0x40, revision=0x0
[   12.912542] microcode: Microcode Update Driver: v2.01 <tigran@aivazian.fsnet.co.uk>, Peter Oruba
[   12.912674] registered taskstats version 1
[   12.912692] Loading compiled-in X.509 certificates
[   12.913488] Loaded X.509 cert 'Build time autogenerated kernel key: 11f495fa9f4186f263f5fd144a167c99990e2f12'
[   12.913506] zswap: loaded using pool lzo/zbud
[   12.915395] Key type trusted registered
[   12.918236] Key type encrypted registered
[   12.918242] AppArmor: AppArmor sha1 policy hashing enabled
[   12.918245] ima: No TPM chip found, activating TPM-bypass!
[   12.918266] evm: HMAC attrs: 0x1
[   12.918570]   Magic number: 9:135:274
[   12.918596] tty tty11: hash matches
[   12.928087] rtc_cmos rtc_cmos: setting system clock to 2017-03-05 10:17:34 UTC (1488709054)
[   12.928205] BIOS EDD facility v0.16 2004-Jun-25, 0 devices found
[   12.928205] EDD information not available.
[   12.991046] input: AT Translated Set 2 keyboard as /devices/platform/i8042/serio0/input/input2
[   14.974853] clocksource: tsc: mask: 0xffffffffffffffff max_cycles: 0x36c7efc07ee, max_idle_ns: 881590424467 ns
[   15.045432] Freeing unused kernel memory: 1488K (ffffffff81f45000 - ffffffff820b9000)
[   15.148494] Write protecting the kernel read-only data: 14336k
[   15.161674] Freeing unused kernel memory: 1776K (ffff880001844000 - ffff880001a00000)
[   15.185879] Freeing unused kernel memory: 116K (ffff880001de3000 - ffff880001e00000)
Loading, please [   15.325721] random: systemd-udevd: uninitialized urandom read (16 bytes read, 3 bits of entropy available)
wait...
startin[   15.326574] random: udevadm: uninitialized urandom read (16 bytes read, 3 bits of entropy available)
g version 229
[   15.326616] random: udevadm: uninitialized urandom read (16 bytes read, 3 bits of entropy available)
[   15.326741] random: udevadm: uninitialized urandom read (16 bytes read, 3 bits of entropy available)
[   15.326787] random: udevadm: uninitialized urandom read (16 bytes read, 3 bits of entropy available)
[   15.326835] random: udevadm: uninitialized urandom read (16 bytes read, 3 bits of entropy available)
[   15.326880] random: udevadm: uninitialized urandom read (16 bytes read, 3 bits of entropy available)
[   15.326922] random: udevadm: uninitialized urandom read (16 bytes read, 3 bits of entropy available)
[   15.326962] random: udevadm: uninitialized urandom read (16 bytes read, 3 bits of entropy available)
[   15.327005] random: udevadm: uninitialized urandom read (16 bytes read, 3 bits of entropy available)
[   17.126261] e1000: Intel(R) PRO/1000 Network Driver - version 7.3.21-k8-NAPI
[   17.166642] e1000: Copyright (c) 1999-2006 Intel Corporation.
[   17.247594] Fusion MPT base driver 3.04.20
[   17.293174] Copyright (c) 1999-2008 LSI Corporation
[   17.437311] Fusion MPT SPI Host driver 3.04.20
[   17.472353] input: ImExPS/2 Generic Explorer Mouse as /devices/platform/i8042/serio1/input/input4
[   17.537548] AVX version of gcm_enc/dec engaged.
[   17.578052] AES CTR mode by8 optimization enabled
[   17.832919] e1000 0000:00:03.0 eth0: (PCI:33MHz:32-bit) 02:5e:4b:b2:97:11
[   18.139403] e1000 0000:00:03.0 eth0: Intel(R) PRO/1000 Network Connection
[   18.239087] mptbase: ioc0: Initiating bringup
[   18.240133] e1000 0000:00:03.0 enp0s3: renamed from eth0
[   18.341987] ioc0: LSI53C1030 A0: Capabilities={Initiator}
[   18.582433] scsi host2: ioc0: LSI53C1030 A0, FwRev=00000000h, Ports=1, MaxQ=256, IRQ=20
[   18.782258] scsi 2:0:0:0: Direct-Access     VBOX     HARDDISK         1.0  PQ: 0 ANSI: 5
[   18.874819] scsi target2:0:0: Beginning Domain Validation
[   18.938882] scsi target2:0:0: Domain Validation skipping write tests
[   18.972927] scsi target2:0:0: Ending Domain Validation
[   18.975398] scsi target2:0:0: asynchronous
[   19.000656] scsi 2:0:1:0: Direct-Access     VBOX     HARDDISK         1.0  PQ: 0 ANSI: 5
[   19.008630] scsi target2:0:1: Beginning Domain Validation
[   19.072198] scsi target2:0:1: Domain Validation skipping write tests
[   19.146401] scsi target2:0:1: Ending Domain Validation
[   19.267572] scsi target2:0:1: asynchronous
[   19.318606] sd 2:0:0:0: Attached scsi generic sg0 type 0
[   19.318617] sd 2:0:0:0: [sda] 20971520 512-byte logical blocks: (10.7 GB/10.0 GiB)
[   19.419993] sd 2:0:0:0: [sda] Write Protect is off
[   19.420930] sd 2:0:1:0: Attached scsi generic sg1 type 0
[   19.421321] sd 2:0:1:0: [sdb] 20480 512-byte logical blocks: (10.5 MB/10.0 MiB)
[   19.421644] sd 2:0:1:0: [sdb] Write Protect is off
[   19.421858] sd 2:0:1:0: [sdb] Incomplete mode parameter data
[   19.421860] sd 2:0:1:0: [sdb] Assuming drive cache: write through
[   19.424047] sd 2:0:1:0: [sdb] Attached SCSI disk
[   19.935306] sd 2:0:0:0: [sda] Incomplete mode parameter data
[   19.995904] sd 2:0:0:0: [sda] Assuming drive cache: write through
[   19.998929]  sda: sda1
[   20.034856] sd 2:0:0:0: [sda] Attached SCSI disk
[   20.430105] floppy0: no floppy controllers found
Begin: Loading e[   22.090932] md: linear personality registered for level -1
ssential drivers[   22.145608] md: multipath personality registered for level -4
 ... [   22.187330] md: raid0 personality registered for level 0
[   22.204885] md: raid1 personality registered for level 1
[   22.290398] raid6: sse2x1   gen()  7662 MB/s
[   22.418354] raid6: sse2x1   xor()  5006 MB/s
[   22.538240] raid6: sse2x2   gen()  9785 MB/s
[   22.614031] raid6: sse2x2   xor()  6119 MB/s
[   22.709948] raid6: sse2x4   gen() 11008 MB/s
[   22.838121] raid6: sse2x4   xor()  7529 MB/s
[   22.895941] raid6: using algorithm sse2x4 gen() 11008 MB/s
[   22.897379] raid6: .... xor() 7529 MB/s, rmw enabled
[   22.898750] raid6: using ssse3x2 recovery algorithm
[   22.913874] xor: automatically using best checksumming function:
[   22.966018]    avx       : 12073.000 MB/sec
[   23.044285] async_tx: api initialized (async)
[   23.073013] md: raid6 personality registered for level 6
[   23.150295] md: raid5 personality registered for level 5
[   23.230309] md: raid4 personality registered for level 4
[   23.275462] md: raid10 personality registered for level 10
done.
Begin: Running /scripts/init-premount ... done.
Begin: Mounti[   23.387971] Btrfs loaded
ng root file system ... Begin: Running /scripts/local-top ... done.
Begin: Running /scripts/loc[   23.447352] EXT4-fs (sda1): mounted filesystem with ordered data mode. Opts: (null)
al-premount ... Scanning for Btrfs filesystems
done.
Warning: fsck not present, so skipping root file system
done.
Begin: Running /scripts/local-bottom ... done.
Begin: Running /scripts/init-bottom ... done.
[   23.696927] systemd[1]: systemd 229 running in system mode. (+PAM +AUDIT +SELINUX +IMA +APPARMOR +SMACK +SYSVINIT +UTMP +LIBCRYPTSETUP +GCRYPT +GNUTLS +ACL +XZ -LZ4 +SECCOMP +BLKID +ELFUTILS +KMOD -IDN)
[   23.763422] systemd[1]: Detected virtualization oracle.
[   23.851881] systemd[1]: Detected architecture x86-64.

Welcome to [1mUbuntu 16.04.2 LTS[0m!

[   23.934897] systemd[1]: Set hostname to <ubuntu>.
[   24.032724] systemd[1]: Initializing machine ID from random generator.
[   24.127693] systemd[1]: Installed transient /etc/machine-id file.
[   24.320022] systemd[1]: Listening on /dev/initctl Compatibility Named Pipe.
[[0;32m  OK  [0m] Listening on /dev/initctl Compatibility Named Pipe.
[   24.382630] systemd[1]: Listening on Journal Socket.
[[0;32m  OK  [0m] Listening on Journal Socket.
[   24.535833] systemd[1]: Reached target User and Group Name Lookups.
[[0;32m  OK  [0m] Reached target User and Group Name Lookups.
[   24.726734] systemd[1]: Started Forward Password Requests to Wall Directory Watch.
[[0;32m  OK  [0m] Started Forward Password Requests to Wall Directory Watch.
[   24.926411] systemd[1]: Reached target Swap.
[[0;32m  OK  [0m] Reached target Swap.
[   24.965573] systemd[1]: Listening on Syslog Socket.
[[0;32m  OK  [0m] Listening on Syslog Socket.
[   25.060138] systemd[1]: Listening on Journal Audit Socket.
[[0;32m  OK  [0m] Listening on Journal Audit Socket.
[   25.222234] systemd[1]: Listening on udev Control Socket.
[[0;32m  OK  [0m] Listening on udev Control Socket.
[   25.276616] systemd[1]: Listening on Device-mapper event daemon FIFOs.
[[0;32m  OK  [0m] Listening on Device-mapper event daemon FIFOs.
[   25.434726] systemd[1]: Listening on udev Kernel Socket.
[[0;32m  OK  [0m] Listening on udev Kernel Socket.
[   25.500377] systemd[1]: Created slice User and Session Slice.
[[0;32m  OK  [0m] Created slice User and Session Slice.
[   25.542987] systemd[1]: Listening on Journal Socket (/dev/log).
[[0;32m  OK  [0m] Listening on Journal Socket (/dev/log).
[   25.552591] systemd[1]: Listening on LVM2 metadata daemon socket.
[[0;32m  OK  [0m] Listening on LVM2 metadata daemon socket.
[   25.615945] systemd[1]: Set up automount Arbitrary Executable File Formats File System Automount Point.
[[0;32m  OK  [0m] Set up automount Arbitrary Executab...ats File System Automount Point.
[   25.735157] systemd[1]: Created slice System Slice.
[[0;32m  OK  [0m] Created slice System Slice.
[   25.890388] systemd[1]: Starting Set console keymap...
         Starting Set console keymap...
[   25.980410] systemd[1]: Starting Uncomplicated firewall...
         Starting Uncomplicated firewall...
[   25.988407] systemd[1]: Starting Load Kernel Modules...
         Starting Load Ke[   26.072306] Loading iSCSI transport class v2.0-870.
rnel Modules...
[   26.167946] iscsi: registered transport (tcp)
[   26.297030] systemd[1]: Starting Create list of required static device nodes for the current kernel...
         Starting Create list of required st... nodes for the current kernel...
[   26.458466] systemd[1]: Starting Remount Root and Kernel File Systems...
         [   26.476013] random: nonblocking pool is initialized
Starting Remount[   26.560024] EXT4-fs (sda1): re-mounted. Opts: (null)
 Root and Kernel File Systems...
[   26.644348] iscsi: registered transport (iser)
[   26.750463] systemd[1]: Mounting Huge Pages File System...
         Mounting Huge Pages File System...
[   26.866372] systemd[1]: Mounting POSIX Message Queue File System...
         Mounting POSIX Message Queue File System...
[   26.994952] systemd[1]: Starting Monitoring of LVM2 mirrors, snapshots etc. using dmeventd or progress polling...
         Starting Monitoring of LVM2 mirrors... dmeventd or progress polling...
[   27.130575] systemd[1]: Starting Journal Service...
         Starting Journal Service...
[   27.171116] systemd[1]: Created slice system-serial\x2dgetty.slice.
[[0;32m  OK  [0m] Created slice system-serial\x2dgetty.slice.
[   27.294579] systemd[1]: Reached target Slices.
[[0;32m  OK  [0m] Reached target Slices.
[   27.394888] systemd[1]: Starting Nameserver information manager...
         Starting Nameserver information manager...
[   27.503672] systemd[1]: Reached target Encrypted Volumes.
[[0;32m  OK  [0m] Reached target Encrypted Volumes.
[   27.550483] systemd[1]: Mounting Debug File System...
         Mounting Debug File System...
[   27.614319] systemd[1]: Listening on LVM2 poll daemon socket.
[[0;32m  OK  [0m] Listening on LVM2 poll daemon socket.
[   27.739256] systemd[1]: Mounted POSIX Message Queue File System.
[[0;32m  OK  [0m] Mounted POSIX Message Queue File System.
[   27.874616] systemd[1]: Mounted Debug File System.
[[0;32m  OK  [0m] Mounted Debug File System.
[   28.006443] systemd[1]: Mounted Huge Pages File System.
[[0;32m  OK  [0m] Mounted Huge Pages File System.
[   28.105903] systemd[1]: Started Journal Service.
[[0;32m  OK  [0m] Started Journal Service.
[[0;32m  OK  [0m] Started Set console keymap.
[[0;32m  OK  [0m] Started Uncomplicated firewall.
[[0;32m  OK  [0m] Started Load Kernel Modules.
[[0;32m  OK  [0m] Started Create list of required sta...ce nodes for the current kernel.
[[0;32m  OK  [0m] Started Remount Root and Kernel File Systems.
[[0;32m  OK  [0m] Started Nameserver information manager.
[[0;32m  OK  [0m] Started LVM2 metadata daemon.
         Starting Load/Save Random Seed...
         Starting udev Coldplug all Devices...
         Starting Initial cloud-init job (pre-networking)...
         Starting Create Static Device Nodes in /dev...
         Mounting FUSE Control File System...
         Starting Apply Kernel Variables...
         Starting Flush Journal to Persistent Storage...
[[0;32m  OK  [0m] Mounted FUSE Control File System.
[[0;32m  OK  [0m] Started Load/Save Random Seed.
[[0;32m  OK  [0m] Started Create Static Device Nodes in /dev.
[[0;32m  OK  [0m] Started Apply Kernel Variables.
[[0;32m  OK  [0m] Started Monitoring of LVM2 mirrors,...ng dmeventd or progress polling.
[[0;32m  OK  [0m] Started udev Coldplug all Devices.
[[0;32m  OK  [0m] Started Flush Journal to Persistent Storage.
         Starting udev Kernel Device Manager...
[[0;32m  OK  [0m] Started udev Kernel Device Manager.
[[0;32m  OK  [0m] Reached target Local File Systems (Pre).
[[0;32m  OK  [0m] Reached target Local File Systems.
         Starting Create Volatile Files and Directories...
         Starting LSB: AppArmor initialization...
         Starting Tell Plymouth To Write Out Runtime Data...
         Starting Commit a transient machine-id on disk...
         Starting Set console font and keymap...
[[0;32m  OK  [0m] Started Dispatch Password Requests to Console Directory Watch.
[[0;32m  OK  [0m] Started Create Volatile Files and Directories.
[[0;32m  OK  [0m] Started Tell Plymouth To Write Out Runtime Data.
[[0;32m  OK  [0m] Started Commit a transient machine-id on disk.
[[0;32m  OK  [0m] Found device /dev/ttyS0.
         Starting Update UTMP about System Boot/Shutdown...
[[0;32m  OK  [0m] Reached target System Time Synchronized.
[[0;32m  OK  [0m] Started Update UTMP about System Boot/Shutdown.
[   22.610830] cloud-init[479]: Cloud-init v. 0.7.9 running 'init-local' at Sun, 05 Mar 2017 10:17:50 +0000. Up 21.78 seconds.
[[0;32m  OK  [0m] Listening on Load/Save RF Kill Switch Status /dev/rfkill Watch.
[[0;32m  OK  [0m] Started Initial cloud-init job (pre-networking).
[[0;32m  OK  [0m] Reached target Network (Pre).
[[0;32m  OK  [0m] Started LSB: AppArmor initialization.
         Starting Raise network interfaces...
[[0;32m  OK  [0m] Started Set console font and keymap.
[[0;32m  OK  [0m] Created slice system-getty.slice.
[[0;32m  OK  [0m] Started Raise network interfaces.
         Starting Initial cloud-init job (metadata service crawler)...
[[0;32m  OK  [0m] Reached target Network.
[   25.978674] cloud-init[1049]: Cloud-init v. 0.7.9 running 'init' at Sun, 05 Mar 2017 10:17:54 +0000. Up 25.37 seconds.
[   26.042607] cloud-init[1049]: ci-info: +++++++++++++++++++++++++++++++++++++Net device info++++++++++++++++++++++++++++++++++++++
[   26.141341] [cloud-init[0;32m  OK  [0m[1049]: ] ci-info: +--------+------+----------------------------+---------------+-------+-------------------+Started Initial cloud-init job (metadata service crawler).

[   26.142203] cloud-init[1049]: ci-info: | Device |  Up  |          Address           |      Mask     | Scope |     Hw-Address    |
[   26.381360] [cloud-init[0;32m  OK  [0m[1049]: ] ci-info: +--------+------+----------------------------+---------------+-------+-------------------+Reached target System Initialization.

[   26.414783] [cloud-init[0;32m  OK  [0m[1049]: ] ci-info: | enp0s3 | True |         10.0.2.15          | 255.255.255.0 |   .   | 02:5e:4b:b2:97:11 |Started ACPI Events Check.

[[0;32m  OK  [0m] Listening on UUID daemon activation socket.
[[0;32m  OK  [0m] Listening on ACPID Listen Socket.
[   26.415674] cloud-init[1049]: ci-info: | enp0s3 | True | fe80::5e:4bff:feb2:9711/64 |       .       |  link | 02:5e:4b:b2:97:11 |
[   26.636473] [cloud-init[0;32m  OK  [0m[1049]: ] ci-info: |   lo   | True |         127.0.0.1          |   255.0.0.0   |   .   |         .         |Started Timer to automatically refresh installed snaps.

[   26.637056]          cloud-initStarting Socket activation for snappy daemon.[1049]: 
ci-info: |   lo   | True |          ::1/128           |       .       |  host |         .         |
[   26.916841] cloud-init[1049]: ci-info: +--------+------+----------------------------+---------------+-------+-------------------+
[[0;32m  OK  [0m] Listening on D-Bus System Message Bus Socket.
[[0;32m  OK  [0m] Started Daily apt activities.
[[0;32m  OK  [0m] Started Trigger resolvconf update for networkd DNS.
[   26.917676] cloud-init[1049]: ci-info: +++++++++++++++++++++++++++Route IPv4 info++++++++++++++++++++++++++++
[   27.112330] [cloud-init[0;32m  OK  [0m[1049]: ] ci-info: +-------+-------------+----------+---------------+-----------+-------+Reached target Paths.

[   27.216631]          cloud-initStarting LXD - unix socket.[1049]: 
ci-info: | Route | Destination | Gateway  |    Genmask    | Interface | Flags |
[   27.308546] [cloud-init[0;32m  OK  [0m[1049]: ] ci-info: +-------+-------------+----------+---------------+-----------+-------+Started Daily Cleanup of Temporary Directories.

[[0;32m  OK  [0m] Reached target Timers.
[[0;32m  OK  [0m] Reached target Network is Online.
[   27.309540] cloud-init[1049]: ci-info: |   0   |   0.0.0.0   | 10.0.2.2 |    0.0.0.0    |   enp0s3  |   UG  |
[   27.488434]          cloud-initStarting iSCSI initiator daemon (iscsid)...[1049]: 
ci-info: |   1   |   10.0.2.0  | 0.0.0.0  | 255.255.255.0 |   enp0s3  |   U   |
[   27.600382] [cloud-init[0;32m  OK  [0m[1049]: ] ci-info: +-------+-------------+----------+---------------+-----------+-------+Reached target Cloud-config availability.

[   27.600949] cloud-init[1049]: Generating public/private rsa key pair.
[   27.812642] cloud-init[1049]: Your identification has been saved in /etc/ssh/ssh_host_rsa_key.
[[0;32m  OK  [0m] Listening on Socket activation for snappy daemon.
[   27.813441] [cloud-init[0;32m  OK  [0m[1049]: ] Your public key has been saved in /etc/ssh/ssh_host_rsa_key.pub.Listening on LXD - unix socket.

[   27.933247] cloud-init[1049]: The key fingerprint is:
[   28.068460] [cloud-init[0;32m  OK  [0m[1049]: ] SHA256:89oGojyR63cAt/Q/FjM7UMlkT7eZ+U8xbSDK9OkJSjo root@ubuntu-xenialStarted iSCSI initiator daemon (iscsid).

[   28.176469]          cloud-initStarting Login to default iSCSI targets...[1049]: 
The key's randomart image is:
[   28.233033] [cloud-init[0;32m  OK  [0m[1049]: ] +---[RSA 2048]----+Reached target Sockets.

[   28.260405] [cloud-init[0;32m  OK  [0m[1049]: ] |                 |Reached target Basic System.

         Starting Login Service...
[   28.316499] cloud-init[1049]: |          + o o  |
[   28.388590]          cloud-initStarting Accounts Service...[1049]: 
|         * * + *.|
[   28.448333] [cloud-init[0;32m  OK  [0m[1049]: ] |    . o . B + =oo|Started FUSE filesystem for LXC.

[   28.449020] cloud-init[1049]: |     = =So o . oo|
[   28.592306]          cloud-initStarting Apply the settings specified in cloud-config...[1049]: 
|    o E =o+ o   o|
[   28.752608] [cloud-init[0;32m  OK  [0m[1049]: ] |   . + + +.=   ..|Started Regular background program processing daemon.

[   28.753308] cloud-init[1049]: |    = . .oB     .|
[   29.092433] [cloud-init[0;32m  OK  [0m[1049]: ] |   ..o ..o.o     |Started D-Bus System Message Bus.

[   29.093587] cloud-init[1049]: +----[SHA256]-----+
         Starting Pollinate to seed the pseudo random number generator...
[   29.175622] cloud-init[1049]: Generating public/private dsa key pair.
         Starting LSB: Record successful boot for GRUB...
[   29.311643] cloud-init[1049]: Your identification has been saved in /etc/ssh/ssh_host_dsa_key.
[[0;32m  OK  [0m] Started ACPI event daemon.
[   29.424198] cloud-init[1049]: Your public key has been saved in /etc/ssh/ssh_host_dsa_key.pub.
         Starting LSB: MD monitoring daemon...
[   29.520708] cloud-init[1049]: The key fingerprint is:
[[0;32m  OK  [0m] Started Deferred execution scheduler.
[   29.591485] cloud-init[1049]: SHA256:opkVfCU72+CiyOttFhx/XEyLzbiWHNpSxWLJr70FhcA root@ubuntu-xenial
[   29.720703] cloud-init[1049]: The key's randomart image is:
[   29.764245] cloud-init[1049]: +---[DSA 1024]----+
[   29.792885] cloud-init[1049]: |       oo+..     |
         Starting /etc/rc.local Compatibility...
[   29.820219] cloud-init[1049]: |     .  E+= .    |
[   29.888643]          cloud-initStarting System Logging Service...[1049]: 
|      o.=@ o     |
[   29.985512] [cloud-init[0;32m  OK  [0m[1049]: ] |    .  +==O      |Started Snappy daemon.

[   29.986177] cloud-init[1049]: |   . o+*SB..     |
[   30.101135] cloud-init[1049]: | . .o*+oX . .    |
[   30.128394] cloud-init[1049]: |  o =. +   o     |
[   30.128512] cloud-init[1049]: |   oo     .      |
[   30.128788] cloud-init[1049]: | .oo.            |
[   30.128921] cloud-init[1049]: +----[SHA256]-----+
[   30.128994] cloud-init[1049]: Generating public/private ecdsa key pair.
[   30.129078] cloud-init[1049]: Your identification has been saved in /etc/ssh/ssh_host_ecdsa_key.
[   30.129149] cloud-init[1049]: Your public key has been saved in /etc/ssh/ssh_host_ecdsa_key.pub.
[   30.129215] cloud-init[1049]: The key fingerprint is:
[   30.129409] cloud-init[1049]: SHA256:cCDQtO0t06s5PO6g3ERrNtFMVc5SDDfTgWY5MuL3PY0 root@ubuntu-xenial
[   30.129487] cloud-init[1049]: The key's randomart image is:
[   30.129553] cloud-init[1049]: +---[ECDSA 256]---+
[   30.129621] cloud-init[1049]: |  .+o . o+*+..   |
[   30.129685] cloud-init[1049]: |    .+.oo=Bo.    |
[   30.129754] cloud-init[1049]: |    ..+.o=o.     |
[   30.129816] cloud-init[1049]: |     =.=..       |
[   30.129882] cloud-init[1049]: |    o *.S. . o   |
[   30.129956] cloud-init[1049]: |   . o o .. E .  |
[   30.130018] cloud-init[1049]: |    B.  .    .   |
[   30.130082] cloud-init[1049]: | . * o+o         |
[   30.130147] cloud-init[1049]: |  o .o=o         |
[   30.130207] cloud-init[1049]: +----[SHA256]-----+
[   30.130273] cloud-init[1049]: Generating public/private ed25519 key pair.
[   30.130339] cloud-init[1049]: Your identification has been saved in /etc/ssh/ssh_host_ed25519_key.
[   30.130402] cloud-init[1049]: Your public key has been saved in /etc/ssh/ssh_host_ed25519_key.pub.
[   30.130467] cloud-init[1049]: The key fingerprint is:
[   30.130529] cloud-init[1049]: SHA256:rR8UlvFL7kgxEbOc5lmTwD81rM+4a31SzC9wt+OA4Wk root@ubuntu-xenial
[   30.130591] cloud-init[1049]: The key's randomart image is:
[   30.130650] cloud-init[1049]: +--[ED25519 256]--+
[   30.130716] cloud-init[1049]: |         .*. .   |
[   30.130783] cloud-init[1049]: |         ..X .+  |
[   30.130846] cloud-init[1049]: |          @.*o . |
[   30.130909] cloud-init[1049]: |         = O+o   |
[   30.130975] cloud-init[1049]: |        S *.o= o |
[   30.131041] cloud-init[1049]: |         +.o* + =|
[   30.131103] cloud-init[1049]: |        . oE.* oo|
[   30.131164] cloud-init[1049]: |         ...o =oo|
[   30.131223] cloud-init[1049]: |          .....=.|
[   30.131285] cloud-init[1049]: +----[SHA256]-----+
         Starting Auto import assertions from block devices...
[   30.139559] cloud-init[1158]: Generating locales (this might take a while)...
[   31.113437] cloud-init[1158]:   en_US.UTF-8... done
         Starting LXD - container startup/shutdown...
[   31.149175] cloud-init[1158]: Generation complete.
[[0;32m  OK  [0m] Started System Logging Service.
[[0;32m  OK  [0m] Started Pollinate to seed the pseudo random number generator.
[[0;32m  OK  [0m] Started /etc/rc.local Compatibility.
[[0;32m  OK  [0m] Started Auto import assertions from block devices.
[[0;32m  OK  [0m] Started LXD - container startup/shutdown.
[[0;32m  OK  [0m] Started Login to default iSCSI targets.
[[0;32m  OK  [0m] Started LSB: Record successful boot for GRUB.
[[0;32m  OK  [0m] Started LSB: MD monitoring daemon.
[[0;32m  OK  [0m] Started Login Service.
         Starting Authenticate and Authorize Users to Run Privileged Tasks...
[[0;32m  OK  [0m] Reached target Remote File Systems (Pre).
[[0;32m  OK  [0m] Reached target Remote File Systems.
         Starting LSB: VirtualBox Linux Additions...
         Starting LSB: Set the CPU Frequency Scaling governor to "ondemand"...
         Starting LSB: automatic crash report generation...
         Starting LSB: daemon to balance interrupts for SMP systems...
         Starting Permit User Sessions...
[[0;32m  OK  [0m] Stopped OpenBSD Secure Shell server.
         Starting OpenBSD Secure Shell server...
[[0;32m  OK  [0m] Started OpenBSD Secure Shell server.
[[0;32m  OK  [0m] Started Permit User Sessions.
[[0;32m  OK  [0m] Started Authenticate and Authorize Users to Run Privileged Tasks.
[[0;32m  OK  [0m] Started Accounts Service.
[[0;32m  OK  [0m] Started LSB: Set the CPU Frequency Scaling governor to "ondemand".
[[0;32m  OK  [0m] Started LSB: automatic crash report generation.
[[0;32m  OK  [0m] Started LSB: VirtualBox Linux Additions.
[[0;32m  OK  [0m] Created slice User Slice of ubuntu.
         Starting User Manager for UID 1000...
[   32.389545] cloud-init[1158]: Cloud-init v. 0.7.9 running 'modules:config' at Sun, 05 Mar 2017 10:17:58 +0000. Up 28.92 seconds.
[[0;32m  OK  [0m] Started Session 1 of user ubuntu.
         Starting Terminate Plymouth Boot Screen...
         Starting Hold until boot process finishes up...
[[0;32m  OK  [0m] Started User Manager for UID 1000.
[[0;32m  OK  [0m] Started Apply the settings specified in cloud-config.
[[0;32m  OK  [0m] Started LSB: daemon to balance interrupts for SMP systems.
[[0;32m  OK  [0m] Started Terminate Plymouth Boot Screen.
[[0;32m  OK  [0m] Started Hold until boot process finishes up.
         Starting Set console scheme...
[[0;32m  OK  [0m] Started Serial Getty on ttyS0.
[[0;32m  OK  [0m] Started Getty on tty1.
[[0;32m  OK  [0m] Reached target Login Prompts.
[[0;32m  OK  [0m] Reached target Multi-User System.
[[0;32m  OK  [0m] Reached target Graphical Interface.
         Starting Update UTMP about System Runlevel Changes...
         Starting Execute cloud user/final scripts...
[[0;32m  OK  [0m] Started Set console scheme.
[[0;32m  OK  [0m] Started Update UTMP about System Runlevel Changes.
ci-info: no authorized ssh keys fingerprints found for user ubuntu.
<14>Mar  5 10:18:02 ec2: 
<14>Mar  5 10:18:02 ec2: #############################################################
<14>Mar  5 10:18:02 ec2: -----BEGIN SSH HOST KEY FINGERPRINTS-----
<14>Mar  5 10:18:02 ec2: 1024 SHA256:opkVfCU72+CiyOttFhx/XEyLzbiWHNpSxWLJr70FhcA root@ubuntu-xenial (DSA)
<14>Mar  5 10:18:02 ec2: 256 SHA256:cCDQtO0t06s5PO6g3ERrNtFMVc5SDDfTgWY5MuL3PY0 root@ubuntu-xenial (ECDSA)
<14>Mar  5 10:18:02 ec2: 256 SHA256:rR8UlvFL7kgxEbOc5lmTwD81rM+4a31SzC9wt+OA4Wk root@ubuntu-xenial (ED25519)
<14>Mar  5 10:18:02 ec2: 2048 SHA256:89oGojyR63cAt/Q/FjM7UMlkT7eZ+U8xbSDK9OkJSjo root@ubuntu-xenial (RSA)
<14>Mar  5 10:18:02 ec2: -----END SSH HOST KEY FINGERPRINTS-----
<14>Mar  5 10:18:02 ec2: #############################################################
-----BEGIN SSH HOST KEY KEYS-----
ecdsa-sha2-nistp256 AAAAE2VjZHNhLXNoYTItbmlzdHAyNTYAAAAIbmlzdHAyNTYAAABBBLWal1Lu16bc97Y3xAek0oTYcnAfz3C3byQV7UgOucIOPz6YrxH2tt9LXuCKi6Z1cGE9jw/j/YyjTAAphqf3ptU= root@ubuntu-xenial
ssh-ed25519 AAAAC3NzaC1lZDI1NTE5AAAAIGd5hGxv0a9Ls52d8agRgkiBq5C/V7Axdxb3lodeI44/ root@ubuntu-xenial
ssh-rsa AAAAB3NzaC1yc2EAAAADAQABAAABAQDZ/jy4DFd3WLHLg9lqN9BtgGUDCC+9HmTwILIpk6IJJOayEJxOD153Z98JgwCPeu6rcwSUExy/X/95yUyWFRIErcDLbKVoa5v8AEJoR8Lr+kO46kU+PHSZHGx1qoWO2CcIuGRw/jKE4HN8qSlkd1zjYWGj6ySKPav4ecXqRBzd6A2y+HUtwRDFF8+XBdho0vfUvTTFAYw89yU38m5mYjFd+YJrCi2Rd6warBQ+s+qjQdBkFT8P4RrrBm6na9Tma9ujkW9JPiKWMXExpLsFxwAiLtk3iI5g3AVIjuMgCoCEQe4Km7mmDo8vtRuou1xhkmUmLg85crRbae0J+3EMRPhr root@ubuntu-xenial
-----END SSH HOST KEY KEYS-----
[   34.186057] cloud-init[1416]: Cloud-init v. 0.7.9 running 'modules:final' at Sun, 05 Mar 2017 10:18:02 +0000. Up 33.24 seconds.
[   34.328695] cloud-init[1416]: ci-info: no authorized ssh keys fingerprints found for user ubuntu.
[   34.400610] cloud-init[1416]: Cloud-init v. 0.7.9 finished at Sun, 05 Mar 2017 10:18:03 +0000. Datasource DataSourceNoCloud [seed=/dev/sdb][dsmode=net].  Up 34.17 seconds
[[0;32m  OK  [0m] Started Execute cloud user/final scripts.
[[0;32m  OK  [0m] Reached target Cloud-init target.

Ubuntu 16.04.2 LTS zf-SRV64-33221 ttyS0

zf-SRV64-33221 login: 